START_UTC 2026-09-25T20:55:48.088570+00:00
COMMAND /local/s3774740/d12/venv/bin/python -m experiments.task_4.sweep --source sft --model-tag d12v32768 --device-type cuda --max-tokens 128
2026-09-25 22:55:50,651 - nanochat.common - [32m[1mINFO[0m - Distributed world size: 1
2026-09-25 22:55:50,652 - nanochat.checkpoint_manager - [32m[1mINFO[0m - Loading model from /local/s3774740/d12/cache/chatsft_checkpoints/d12v32768 with step 2867
2026-09-25 22:55:50,962 - nanochat.checkpoint_manager - [32m[1mINFO[0m - Building model with config: {'sequence_len': 2048, 'vocab_size': 32768, 'n_layer': 12, 'n_head': 6, 'n_kv_head': 6, 'n_embd': 768, 'window_pattern': 'L'}
Traceback (most recent call last):
  File "/local/s3774740/d12/uv-python/cpython-3.10-linux-x86_64-gnu/lib/python3.10/runpy.py", line 196, in _run_module_as_main
    return _run_code(code, main_globals, None,
  File "/local/s3774740/d12/uv-python/cpython-3.10-linux-x86_64-gnu/lib/python3.10/runpy.py", line 86, in _run_code
    exec(code, run_globals)
  File "/local/s3774740/d12/code/experiments/task_4/sweep.py", line 89, in <module>
    main()
  File "/local/s3774740/d12/code/experiments/task_4/sweep.py", line 63, in main
    "response": generate(engine, tokenizer, prompt, temperature, 42 + index, args.max_tokens),
  File "/local/s3774740/d12/code/experiments/task_4/sweep.py", line 32, in generate
    token = int(column[0].item())
AttributeError: 'int' object has no attribute 'item'
END_UTC 2026-09-25T20:55:51.719117+00:00
EXIT_CODE 1
ELAPSED_SECONDS 3.631
